HI-TECH Software XC8 Compiler V1.00 ()

Linker command line:

-W-3 --edf=C:\Program Files (x86)\microchip\xc8\v1.00\dat\en_msgs.txt -cs \
  -h+dist/default/production\LCD2.X.production.sym -z -Q16F887 -ol.obj \
  -Mdist/default/production/LCD2.X.production.map -E1 -ver=XC8 \
  -ACONST=00h-0FFhx32 -ACODE=00h-07FFhx4 -ASTRCODE=00h-01FFFh \
  -AENTRY=00h-0FFhx32 -ASTRING=00h-0FFhx32 -ACOMMON=070h-07Fh \
  -ABANK0=020h-06Fh -ABANK1=0A0h-0EFh -ABANK2=0110h-016Fh \
  -ABANK3=0190h-01EFh -ARAM=020h-06Fh,0A0h-0EFh,0110h-016Fh,0190h-01EFh \
  -AABS1=020h-07Fh,0A0h-0EFh,0110h-016Fh,0190h-01EFh -ASFR0=00h-01Fh \
  -ASFR1=080h-09Fh -ASFR2=0100h-010Fh -ASFR3=0180h-018Fh \
  -preset_vec=00h,intentry,init,end_init -ppowerup=CODE -pfunctab=CODE \
  -ACONFIG=02007h-02008h -pconfig=CONFIG -DCONFIG=2 -AIDLOC=02000h-02003h \
  -pidloc=IDLOC -DIDLOC=2 -AEEDATA=00h-0FFh/02100h -peeprom_data=EEDATA \
  -DEEDATA=2 -DCODE=2 -DSTRCODE=2 -DSTRING=2 -DCONST=2 -DENTRY=2 -k \
  C:\Users\CARLOS~1\AppData\Local\Temp\s4jk.obj \
  dist/default/production\LCD2.X.production.obj 

Object code version is 3.10

Machine type is 16F887



                Name                               Link     Load   Length Selector   Space Scale
C:\Users\CARLOS~1\AppData\Local\Temp\s4jk.obj
                end_init                              0        0        3        0       0
dist/default/production\LCD2.X.production.obj
                config                             2007     2007        2     400E       0
                text177                             5C7      5C7       34      B8E       0
                text176                             56D      56D       2C      ADA       0
                text175                             5FB      5FB       34      BF6       0
                text174                             6AE      6AE      152      D5C       0
                text173                             542      542       2B      A84       0
                text172                             599      599       2E      B32       0
                text171                             4EB      4EB        7      9D6       0
                maintext                            62F      62F       7F      C5E       0
                cstackBANK0                          49       49        3       20       1
                cstackCOMMON                         70       70        C       70       1
                inittext                            4F2      4F2       13      9E4       0
                dataBANK0                            20       20       1F       20       1
                bssBANK0                             3F       3F        A       20       1
                bssCOMMON                            7C       7C        2       70       1
                cinit                               505      505       1E      A0A       0
                strings                               3        3       2E        6       0
                idataBANK0                          523      523       1F      A46       0

TOTAL           Name                               Link     Load   Length     Space
        CLASS   CONST          

        CLASS   CODE           
                end_init                              0        0        3         0
                text177                             5C7      5C7       34         0
                text176                             56D      56D       2C         0
                text175                             5FB      5FB       34         0
                text174                             6AE      6AE      152         0
                text173                             542      542       2B         0
                text172                             599      599       2E         0
                text171                             4EB      4EB        7         0
                maintext                            62F      62F       7F         0
                inittext                            4F2      4F2       13         0
                cinit                               505      505       1E         0
                idataBANK0                          523      523       1F         0

        CLASS   STRCODE        

        CLASS   ENTRY          

        CLASS   STRING         
                strings                               3        3       2E         0

        CLASS   COMMON         
                cstackCOMMON                         70       70        C         1
                bssCOMMON                            7C       7C        2         1

        CLASS   BANK0          
                cstackBANK0                          49       49        3         1
                dataBANK0                            20       20       1F         1
                bssBANK0                             3F       3F        A         1

        CLASS   BANK1          

        CLASS   BANK2          

        CLASS   BANK3          

        CLASS   RAM            

        CLASS   ABS1           
                abs_s1                               7E       7E        2         1

        CLASS   SFR0           

        CLASS   SFR1           

        CLASS   SFR2           

        CLASS   SFR3           

        CLASS   CONFIG         
                config                             2007     2007        2         0

        CLASS   IDLOC          

        CLASS   EEDATA         



SEGMENTS        Name                           Load    Length   Top    Selector   Space  Class     Delta

                reset_vec                      000000  000003  000003         0       0  CODE        2
                strings                        000003  00002E  000031         6       0  STRING      2
                dataBANK0                      000020  00002C  00004C        20       1  BANK0       1
                cstackCOMMON                   000070  00000E  00007E        70       1  COMMON      1
                text171                        0004EB  000007  0004F2       9D6       0  CODE        2
                inittext                       0004F2  000013  000505       9E4       0  CODE        2
                cinit                          000505  00001E  000523       A0A       0  CODE        2
                idataBANK0                     000523  00001F  000542       A46       0  CODE        2
                text173                        000542  00002B  00056D       A84       0  CODE        2
                text176                        00056D  00002C  000599       ADA       0  CODE        2
                text172                        000599  00002E  0005C7       B32       0  CODE        2
                text177                        0005C7  000034  0005FB       B8E       0  CODE        2
                text175                        0005FB  000034  00062F       BF6       0  CODE        2
                maintext                       00062F  00007F  0006AE       C5E       0  CODE        2
                text174                        0006AE  000152  000800       D5C       0  CODE        2
                config                         002007  000002  002009      400E       0  CONFIG      2


UNUSED ADDRESS RANGES

        Name                Unused          Largest block    Delta
        BANK0            004C-006F             24           1
        BANK1            00A0-00EF             50           1
        BANK2            0110-016F             60           1
        BANK3            0190-01EF             60           1
        CODE             0031-04EA            4BA           2
                         0800-1FFF            800
        CONST            0031-04EA            100           2
                         0800-1FFF            100
        EEDATA           2100-21FF            100           2
        ENTRY            0031-04EA            100           2
                         0800-1FFF            100
        IDLOC            2000-2003              4           2
        RAM              004C-006F             24           1
                         00A0-00EF             50
                         0110-016F             60
                         0190-01EF             60
        SFR0             0000-001F             20           1
        SFR1             0080-009F             20           1
        SFR2             0100-010F             10           1
        SFR3             0180-018F             10           1
        STRCODE          0031-04EA            4BA           2
                         0800-1FFF           1800
        STRING           0031-04EA            100           2
                         0800-1FFF            100

                                  Symbol Table

??_LCD_Char                  cstackCOMMON 0070
??_LCD_Clear                 cstackCOMMON 0073
??_LCD_Command               cstackCOMMON 0070
??_LCD_Init                  cstackCOMMON 0073
??_LCD_String                cstackCOMMON 0075
??_LCD_String_xy             cstackCOMMON 0079
??_keyfind                   cstackCOMMON 0070
??_main                      cstackBANK0  0049
?_LCD_Char                   cstackCOMMON 0070
?_LCD_Clear                  cstackCOMMON 0070
?_LCD_Command                cstackCOMMON 0070
?_LCD_Init                   cstackCOMMON 0070
?_LCD_String                 cstackCOMMON 0073
?_LCD_String_xy              cstackCOMMON 0076
?_keyfind                    cstackCOMMON 0070
?_main                       cstackCOMMON 0070
Keypad_Key_Press@keypad_deco strings      0013
LCD_Char@dat                 cstackCOMMON 0072
LCD_Command@cmd              cstackCOMMON 0072
LCD_String@msg               cstackCOMMON 0073
LCD_String_xy@location       cstackCOMMON 007B
LCD_String_xy@msg            cstackCOMMON 0077
LCD_String_xy@pos            cstackCOMMON 0076
LCD_String_xy@row            cstackCOMMON 007A
_ANSEL                       (abs)        0188
_ANSELH                      (abs)        0189
_LCD_Char                    text177      05C7
_LCD_Clear                   text171      04EB
_LCD_Command                 text175      05FB
_LCD_Init                    text173      0542
_LCD_String                  text176      056D
_LCD_String_xy               text172      0599
_OPTION_REGbits              (abs)        0081
_OSCCON                      (abs)        008F
_PORTB                       (abs)        0006
_PORTBbits                   (abs)        0006
_PORTD                       (abs)        0008
_PORTDbits                   (abs)        0008
_TRISB                       (abs)        0086
_TRISD                       (abs)        0088
__Habs1                      abs1         0000
__Hbank0                     bank0        0000
__Hbank1                     bank1        0000
__Hbank2                     bank2        0000
__Hbank3                     bank3        0000
__HbssBANK0                  bssBANK0     0000
__HbssCOMMON                 bssCOMMON    0000
__Hcinit                     cinit        0000
__Hclrtext                   clrtext      0000
__Hcode                      code         0000
__Hcommon                    common       0000
__Hconfig                    config       2009
__HcstackBANK0               cstackBANK0  0000
__HcstackCOMMON              cstackCOMMON 0000
__HdataBANK0                 dataBANK0    0000
__Heeprom_data               eeprom_data  0000
__Hend_init                  end_init     0003
__Hfunctab                   functab      0000
__HidataBANK0                idataBANK0   0000
__Hidloc                     idloc        0000
__Hinit                      init         0000
__Hinittext                  inittext     0000
__Hintentry                  intentry     0000
__Hmaintext                  maintext     0000
__Hpowerup                   powerup      0000
__Hram                       ram          0000
__Hreset_vec                 reset_vec    0000
__Hsfr0                      sfr0         0000
__Hsfr1                      sfr1         0000
__Hsfr2                      sfr2         0000
__Hsfr3                      sfr3         0000
__Hstrings                   strings      0000
__Htext                      text         0000
__Labs1                      abs1         0000
__Lbank0                     bank0        0000
__Lbank1                     bank1        0000
__Lbank2                     bank2        0000
__Lbank3                     bank3        0000
__LbssBANK0                  bssBANK0     0000
__LbssCOMMON                 bssCOMMON    0000
__Lcinit                     cinit        0000
__Lclrtext                   clrtext      0000
__Lcode                      code         0000
__Lcommon                    common       0000
__Lconfig                    config       2007
__LcstackBANK0               cstackBANK0  0000
__LcstackCOMMON              cstackCOMMON 0000
__LdataBANK0                 dataBANK0    0000
__Leeprom_data               eeprom_data  0000
__Lend_init                  end_init     0000
__Lfunctab                   functab      0000
__LidataBANK0                idataBANK0   0000
__Lidloc                     idloc        0000
__Linit                      init         0000
__Linittext                  inittext     0000
__Lintentry                  intentry     0000
__Lmaintext                  maintext     0000
__Lpowerup                   powerup      0000
__Lram                       ram          0000
__Lreset_vec                 reset_vec    0000
__Lsfr0                      sfr0         0000
__Lsfr1                      sfr1         0000
__Lsfr2                      sfr2         0000
__Lsfr3                      sfr3         0000
__Lstrings                   strings      0000
__Ltext                      text         0000
__S0                         (abs)        2009
__S1                         (abs)        007E
__S2                         (abs)        0000
__end_of_LCD_Char            text177      05FB
__end_of_LCD_Clear           text171      04F2
__end_of_LCD_Command         text175      062F
__end_of_LCD_Init            text173      056D
__end_of_LCD_String          text176      0599
__end_of_LCD_String_xy       text172      05C7
__end_of_keyfind             text174      0800
__end_of_main                maintext     06AE
__pbssBANK0                  bssBANK0     003F
__pbssCOMMON                 bssCOMMON    007C
__pcstackBANK0               cstackBANK0  0049
__pcstackCOMMON              cstackCOMMON 0070
__pdataBANK0                 dataBANK0    0020
__pidataBANK0                idataBANK0   0523
__pmaintext                  maintext     062F
__pstrings                   strings      0003
__ptext171                   text171      04EB
__ptext172                   text172      0599
__ptext173                   text173      0542
__ptext174                   text174      06AE
__ptext175                   text175      05FB
__ptext176                   text176      056D
__ptext177                   text177      05C7
__ptext178                   text178      0000
__size_of_LCD_Char           (abs)        0000
__size_of_LCD_Clear          (abs)        0000
__size_of_LCD_Command        (abs)        0000
__size_of_LCD_Init           (abs)        0000
__size_of_LCD_String         (abs)        0000
__size_of_LCD_String_xy      (abs)        0000
__size_of_keyfind            (abs)        0000
__size_of_main               (abs)        0000
_col_loc                     bssCOMMON    007C
_idx                         bssBANK0     003F
_key                         bssBANK0     0040
_key2                        bssBANK0     0041
_keyfind                     text174      06AE
_keypad                      dataBANK0    0020
_main                        maintext     062F
_n                           dataBANK0    0030
_pass_user                   bssBANK0     0043
_password                    dataBANK0    003A
_rowloc                      bssCOMMON    007D
_temp_col                    bssBANK0     0042
btemp                        (abs)        007E
end_of_initialization        cinit        051F
init_fetch                   inittext     04F2
init_ram                     inittext     04F6
intlevel0                    functab      0000
intlevel1                    functab      0000
intlevel2                    functab      0000
intlevel3                    functab      0000
intlevel4                    functab      0000
intlevel5                    functab      0000
reset_vec                    reset_vec    0000
start                        init         0000
start_initialization         cinit        0505
wtemp0                       (abs)        007E
