MPLINK 5.08, LINKER
Linker Map File - Created Thu Feb 10 17:05:16 2022

                                 Section Info
                  Section       Type    Address   Location Size(Bytes)
                ---------  ---------  ---------  ---------  ---------
                   .org_0       code   0x000000    program   0x000034
                   .cinit    romdata   0x00001a    program   0x000004
.config_2007_BUILD/DEFAULT/DEBUG/PRUEBA_BLINK       code   0x002007    program   0x000002
.config_2008_BUILD/DEFAULT/DEBUG/PRUEBA_BLINK       code   0x002008    program   0x000002



                              Program Memory Usage 
                               Start         End      
                           ---------   ---------      
                            0x000000    0x00001b      
                            0x002007    0x002008      
            30 out of 8455 program addresses used, program memory utilization is 0%



                              Symbols - Sorted by Name
                     Name    Address   Location    Storage File                     
                ---------  ---------  ---------  --------- ---------                
                  ENC_LED   0x00000c    program     static C:\Users\Carlos Pitre\MPLABXProjects\Blink.X\Prueba_Blink.asm
                   INICIO   0x000001    program     static C:\Users\Carlos Pitre\MPLABXProjects\Blink.X\Prueba_Blink.asm
                    REP_1   0x000013    program     static C:\Users\Carlos Pitre\MPLABXProjects\Blink.X\Prueba_Blink.asm
                    REP_2   0x000015    program     static C:\Users\Carlos Pitre\MPLABXProjects\Blink.X\Prueba_Blink.asm
                  RETARDO   0x000011    program     static C:\Users\Carlos Pitre\MPLABXProjects\Blink.X\Prueba_Blink.asm



                              Symbols - Sorted by Address
                     Name    Address   Location    Storage File                     
                ---------  ---------  ---------  --------- ---------                
                   INICIO   0x000001    program     static C:\Users\Carlos Pitre\MPLABXProjects\Blink.X\Prueba_Blink.asm
                  ENC_LED   0x00000c    program     static C:\Users\Carlos Pitre\MPLABXProjects\Blink.X\Prueba_Blink.asm
                  RETARDO   0x000011    program     static C:\Users\Carlos Pitre\MPLABXProjects\Blink.X\Prueba_Blink.asm
                    REP_1   0x000013    program     static C:\Users\Carlos Pitre\MPLABXProjects\Blink.X\Prueba_Blink.asm
                    REP_2   0x000015    program     static C:\Users\Carlos Pitre\MPLABXProjects\Blink.X\Prueba_Blink.asm


